// Jest Snapshot v1, https://goo.gl/fbAQLP

exports[`MainPage Component Renders 1`] = `ShallowWrapper {}`;

exports[`MainPage Component should render MainPage without props 1`] = `ShallowWrapper {}`;
