// Jest Snapshot v1, https://goo.gl/fbAQLP

exports[`Day Component Day component render RENDER 1`] = `ShallowWrapper {}`;
