// Jest Snapshot v1, https://goo.gl/fbAQLP

exports[`Session  Component Session component render RENDER 1`] = `ShallowWrapper {}`;
