// Jest Snapshot v1, https://goo.gl/fbAQLP

exports[`SingleCard Component RENDER 1`] = `ShallowWrapper {}`;
